-- The CXX compiler identification is GNU 14.2.0
-- Detecting CXX compiler ABI info
-- Detecting CXX compiler ABI info - done
-- Check for working CXX compiler: /usr/bin/c++ - skipped
-- Detecting CXX compile features
-- Detecting CXX compile features - done
-- Found SQLite3: /usr/include (found version "3.46.1")
-- Configuring done (0.2s)
-- Generating done (0.0s)
-- Build files have been written to: /mnt/data/navycraft-native-gate9/build/prototype
[  2%] Building CXX object CMakeFiles/navycraft_script_api_syntax.dir/mnt/data/navycraft-native-gate9/engine-overlay/src/navycraft/script_api.cpp.o
[  4%] Building CXX object CMakeFiles/navycraft_construct_core.dir/mnt/data/navycraft-native-gate9/engine-overlay/src/navycraft/construct/dynamic_construct.cpp.o
[  6%] Building CXX object CMakeFiles/navycraft_construct_core.dir/mnt/data/navycraft-native-gate9/engine-overlay/src/navycraft/construct/construct_node_state.cpp.o
[  8%] Building CXX object CMakeFiles/navycraft_construct_core.dir/mnt/data/navycraft-native-gate9/engine-overlay/src/navycraft/construct/construct_registry.cpp.o
[  8%] Built target navycraft_script_api_syntax
[ 10%] Building CXX object CMakeFiles/navycraft_construct_core.dir/mnt/data/navycraft-native-gate9/engine-overlay/src/navycraft/construct/construct_simulation.cpp.o
[ 12%] Building CXX object CMakeFiles/navycraft_construct_core.dir/mnt/data/navycraft-native-gate9/engine-overlay/src/navycraft/construct/construct_network_clock.cpp.o
[ 14%] Building CXX object CMakeFiles/navycraft_construct_core.dir/mnt/data/navycraft-native-gate9/engine-overlay/src/navycraft/construct/construct_handshake.cpp.o
[ 16%] Building CXX object CMakeFiles/navycraft_construct_core.dir/mnt/data/navycraft-native-gate9/engine-overlay/src/navycraft/construct/construct_runtime.cpp.o
[ 18%] Building CXX object CMakeFiles/navycraft_construct_core.dir/mnt/data/navycraft-native-gate9/engine-overlay/src/navycraft/construct/construct_effects.cpp.o
[ 20%] Building CXX object CMakeFiles/navycraft_construct_core.dir/mnt/data/navycraft-native-gate9/engine-overlay/src/navycraft/construct/construct_projectiles.cpp.o
[ 22%] Building CXX object CMakeFiles/navycraft_construct_core.dir/mnt/data/navycraft-native-gate9/engine-overlay/src/navycraft/construct/construct_fire_control.cpp.o
[ 24%] Building CXX object CMakeFiles/navycraft_client_integration_syntax.dir/mnt/data/navycraft-native-gate9/engine-overlay/src/navycraft/client/client_integration.cpp.o
[ 26%] Building CXX object CMakeFiles/navycraft_construct_core.dir/mnt/data/navycraft-native-gate9/engine-overlay/src/navycraft/construct/construct_navigation.cpp.o
[ 26%] Built target navycraft_client_integration_syntax
[ 28%] Building CXX object CMakeFiles/navycraft_client_scene_syntax.dir/mnt/data/navycraft-native-gate9/engine-overlay/src/navycraft/client/client_construct_scene.cpp.o
[ 30%] Building CXX object CMakeFiles/navycraft_construct_core.dir/mnt/data/navycraft-native-gate9/engine-overlay/src/navycraft/construct/construct_structure.cpp.o
[ 30%] Built target navycraft_client_scene_syntax
[ 32%] Building CXX object CMakeFiles/navycraft_client_effects_syntax.dir/mnt/data/navycraft-native-gate9/engine-overlay/src/navycraft/client/client_construct_effects.cpp.o
[ 32%] Built target navycraft_client_effects_syntax
[ 34%] Building CXX object CMakeFiles/navycraft_server_integration_syntax.dir/mnt/data/navycraft-native-gate9/engine-overlay/src/navycraft/server/server_integration.cpp.o
[ 34%] Built target navycraft_server_integration_syntax
[ 36%] Building CXX object CMakeFiles/navycraft_server_handshake_syntax.dir/mnt/data/navycraft-native-gate9/engine-overlay/src/navycraft/server/handshake_integration.cpp.o
[ 36%] Built target navycraft_server_handshake_syntax
[ 38%] Building CXX object CMakeFiles/navycraft_server_simulation_syntax.dir/mnt/data/navycraft-native-gate9/engine-overlay/src/navycraft/server/simulation_integration.cpp.o
[ 40%] Building CXX object CMakeFiles/navycraft_construct_core.dir/mnt/data/navycraft-native-gate9/engine-overlay/src/navycraft/construct/construct_articulation.cpp.o
[ 40%] Built target navycraft_server_simulation_syntax
[ 42%] Building CXX object CMakeFiles/navycraft_server_rider_syntax.dir/mnt/data/navycraft-native-gate9/engine-overlay/src/navycraft/server/rider_integration.cpp.o
[ 42%] Built target navycraft_server_rider_syntax
[ 44%] Building CXX object CMakeFiles/navycraft_server_interaction_syntax.dir/mnt/data/navycraft-native-gate9/engine-overlay/src/navycraft/server/interaction_integration.cpp.o
[ 46%] Building CXX object CMakeFiles/navycraft_construct_core.dir/mnt/data/navycraft-native-gate9/engine-overlay/src/navycraft/construct/construct_articulated_motion.cpp.o
[ 46%] Built target navycraft_server_interaction_syntax
[ 48%] Building CXX object CMakeFiles/navycraft_construct_core.dir/mnt/data/navycraft-native-gate9/engine-overlay/src/navycraft/construct/construct_liquids.cpp.o
[ 50%] Building CXX object CMakeFiles/navycraft_construct_core.dir/mnt/data/navycraft-native-gate9/engine-overlay/src/navycraft/construct/construct_special_nodes.cpp.o
[ 52%] Building CXX object CMakeFiles/navycraft_construct_core.dir/mnt/data/navycraft-native-gate9/engine-overlay/src/navycraft/construct/construct_articulation_packets.cpp.o
[ 54%] Building CXX object CMakeFiles/navycraft_construct_core.dir/mnt/data/navycraft-native-gate9/engine-overlay/src/navycraft/construct/construct_interaction.cpp.o
[ 56%] Building CXX object CMakeFiles/navycraft_construct_core.dir/mnt/data/navycraft-native-gate9/engine-overlay/src/navycraft/construct/construct_interaction_packets.cpp.o
[ 58%] Building CXX object CMakeFiles/navycraft_construct_core.dir/mnt/data/navycraft-native-gate9/engine-overlay/src/navycraft/construct/construct_database.cpp.o
[ 60%] Building CXX object CMakeFiles/navycraft_construct_core.dir/mnt/data/navycraft-native-gate9/engine-overlay/src/navycraft/construct/construct_persistence.cpp.o
[ 62%] Building CXX object CMakeFiles/navycraft_construct_core.dir/mnt/data/navycraft-native-gate9/engine-overlay/src/navycraft/construct/construct_serialization.cpp.o
[ 64%] Building CXX object CMakeFiles/navycraft_construct_core.dir/mnt/data/navycraft-native-gate9/engine-overlay/src/navycraft/construct/construct_section.cpp.o
[ 66%] Building CXX object CMakeFiles/navycraft_construct_core.dir/mnt/data/navycraft-native-gate9/engine-overlay/src/navycraft/construct/construct_replication.cpp.o
[ 68%] Building CXX object CMakeFiles/navycraft_construct_core.dir/mnt/data/navycraft-native-gate9/engine-overlay/src/navycraft/construct/construct_snapshot_buffer.cpp.o
[ 70%] Building CXX object CMakeFiles/navycraft_construct_core.dir/mnt/data/navycraft-native-gate9/engine-overlay/src/navycraft/construct/construct_geometry.cpp.o
[ 72%] Building CXX object CMakeFiles/navycraft_construct_core.dir/mnt/data/navycraft-native-gate9/engine-overlay/src/navycraft/construct/construct_collision_world.cpp.o
[ 74%] Building CXX object CMakeFiles/navycraft_construct_core.dir/mnt/data/navycraft-native-gate9/engine-overlay/src/navycraft/construct/platform_contact.cpp.o
[ 76%] Building CXX object CMakeFiles/navycraft_construct_core.dir/mnt/data/navycraft-native-gate9/engine-overlay/src/navycraft/construct/rider_motion.cpp.o
[ 78%] Building CXX object CMakeFiles/navycraft_construct_core.dir/mnt/data/navycraft-native-gate9/engine-overlay/src/navycraft/construct/rider_packets.cpp.o
[ 80%] Building CXX object CMakeFiles/navycraft_construct_core.dir/mnt/data/navycraft-native-gate9/engine-overlay/src/navycraft/construct/moving_hull_collision.cpp.o
[ 82%] Building CXX object CMakeFiles/navycraft_construct_core.dir/mnt/data/navycraft-native-gate9/engine-overlay/src/navycraft/construct/carried_body.cpp.o
[ 84%] Building CXX object CMakeFiles/navycraft_construct_core.dir/mnt/data/navycraft-native-gate9/engine-overlay/src/navycraft/construct/construct_mesh.cpp.o
[ 86%] Building CXX object CMakeFiles/navycraft_construct_core.dir/mnt/data/navycraft-native-gate9/engine-overlay/src/navycraft/construct/construct_packets.cpp.o
[ 88%] Building CXX object CMakeFiles/navycraft_construct_core.dir/mnt/data/navycraft-native-gate9/engine-overlay/src/navycraft/construct/client_construct_state.cpp.o
[ 90%] Building CXX object CMakeFiles/navycraft_construct_core.dir/mnt/data/navycraft-native-gate9/engine-overlay/src/navycraft/network/construct_replication_queue.cpp.o
[ 92%] Linking CXX static library libnavycraft_construct_core.a
[ 92%] Built target navycraft_construct_core
[ 96%] Building CXX object CMakeFiles/navycraft_construct_tests.dir/tests/construct_core_tests.cpp.o
[ 96%] Building CXX object CMakeFiles/navycraft_construct_benchmark.dir/tests/construct_benchmark.cpp.o
[ 98%] Linking CXX executable navycraft_construct_benchmark
[ 98%] Built target navycraft_construct_benchmark
[100%] Linking CXX executable navycraft_construct_tests
[100%] Built target navycraft_construct_tests
Internal ctest changing into directory: /mnt/data/navycraft-native-gate9/build/prototype
Test project /mnt/data/navycraft-native-gate9/build/prototype
    Start 1: construct_core
1/1 Test #1: construct_core ...................   Passed    0.01 sec

100% tests passed, 0 tests failed out of 1

Total Test time (real) =   0.01 sec
nodes=5000 sections=4 visible_faces=1900 section_packet_bytes=190152 build_partition_ms=1 mesh_packet_ms=1 raycasts=10000 ray_hits=9600 raycast_ms=3 broadphase_constructs=514 broadphase_queries=20000 broadphase_candidates=30000 broadphase_ms=29 navigation_vessels=48 navigation_steps=200 navigation_commands=9600 navigation_ms=15 structural_nodes=5000 structural_fragments=1 structural_ms=18
-- The C compiler identification is GNU 14.2.0
-- The CXX compiler identification is GNU 14.2.0
-- Detecting C compiler ABI info
-- Detecting C compiler ABI info - done
-- Check for working C compiler: /usr/bin/cc - skipped
-- Detecting C compile features
-- Detecting C compile features - done
-- Detecting CXX compiler ABI info
-- Detecting CXX compiler ABI info - done
-- Check for working CXX compiler: /usr/bin/c++ - skipped
-- Detecting CXX compile features
-- Detecting CXX compile features - done
-- Configuring done (0.2s)
-- Generating done (0.0s)
-- Build files have been written to: /mnt/data/navycraft-native-gate9/build/platform
[ 50%] Building CXX object CMakeFiles/navycraft_platform_null.dir/src/nc_platform_null.cpp.o
[100%] Linking CXX shared library libnavycraft_platform.so
[100%] Built target navycraft_platform_null
Applied NavyCraft native Gate 9 engine overlay to /tmp/navycraft-overlay-cs3_6g3h
Applied NavyCraft native Gate 9 engine overlay to /tmp/navycraft-overlay-cs3_6g3h
NavyCraft native Gate 9 overlay fixture test passed
