[1/48] Building CXX object CMakeFiles/navycraft_construct_core.dir/mnt/data/navycraft-native-gate6/engine-overlay/src/navycraft/construct/construct_node_state.cpp.o
[2/48] Building CXX object CMakeFiles/navycraft_construct_core.dir/mnt/data/navycraft-native-gate6/engine-overlay/src/navycraft/construct/dynamic_construct.cpp.o
[3/48] Building CXX object CMakeFiles/navycraft_construct_core.dir/mnt/data/navycraft-native-gate6/engine-overlay/src/navycraft/construct/construct_simulation.cpp.o
[4/48] Building CXX object CMakeFiles/navycraft_construct_core.dir/mnt/data/navycraft-native-gate6/engine-overlay/src/navycraft/construct/construct_network_clock.cpp.o
[5/48] Building CXX object CMakeFiles/navycraft_construct_core.dir/mnt/data/navycraft-native-gate6/engine-overlay/src/navycraft/construct/construct_registry.cpp.o
[6/48] Building CXX object CMakeFiles/navycraft_construct_core.dir/mnt/data/navycraft-native-gate6/engine-overlay/src/navycraft/construct/construct_runtime.cpp.o
[7/48] Building CXX object CMakeFiles/navycraft_construct_core.dir/mnt/data/navycraft-native-gate6/engine-overlay/src/navycraft/construct/construct_effects.cpp.o
[8/48] Building CXX object CMakeFiles/navycraft_construct_core.dir/mnt/data/navycraft-native-gate6/engine-overlay/src/navycraft/construct/construct_fire_control.cpp.o
[9/48] Building CXX object CMakeFiles/navycraft_construct_core.dir/mnt/data/navycraft-native-gate6/engine-overlay/src/navycraft/construct/construct_projectiles.cpp.o
[10/48] Building CXX object CMakeFiles/navycraft_construct_core.dir/mnt/data/navycraft-native-gate6/engine-overlay/src/navycraft/construct/construct_navigation.cpp.o
[11/48] Building CXX object CMakeFiles/navycraft_construct_core.dir/mnt/data/navycraft-native-gate6/engine-overlay/src/navycraft/construct/construct_structure.cpp.o
[12/48] Building CXX object CMakeFiles/navycraft_construct_core.dir/mnt/data/navycraft-native-gate6/engine-overlay/src/navycraft/construct/construct_articulation.cpp.o
[13/48] Building CXX object CMakeFiles/navycraft_construct_core.dir/mnt/data/navycraft-native-gate6/engine-overlay/src/navycraft/construct/construct_articulated_motion.cpp.o
[14/48] Building CXX object CMakeFiles/navycraft_construct_core.dir/mnt/data/navycraft-native-gate6/engine-overlay/src/navycraft/construct/construct_special_nodes.cpp.o
[15/48] Building CXX object CMakeFiles/navycraft_construct_core.dir/mnt/data/navycraft-native-gate6/engine-overlay/src/navycraft/construct/construct_liquids.cpp.o
[16/48] Building CXX object CMakeFiles/navycraft_construct_core.dir/mnt/data/navycraft-native-gate6/engine-overlay/src/navycraft/construct/construct_interaction.cpp.o
[17/48] Building CXX object CMakeFiles/navycraft_construct_core.dir/mnt/data/navycraft-native-gate6/engine-overlay/src/navycraft/construct/construct_articulation_packets.cpp.o
[18/48] Building CXX object CMakeFiles/navycraft_construct_core.dir/mnt/data/navycraft-native-gate6/engine-overlay/src/navycraft/construct/construct_interaction_packets.cpp.o
[19/48] Building CXX object CMakeFiles/navycraft_construct_core.dir/mnt/data/navycraft-native-gate6/engine-overlay/src/navycraft/construct/construct_database.cpp.o
[20/48] Building CXX object CMakeFiles/navycraft_construct_core.dir/mnt/data/navycraft-native-gate6/engine-overlay/src/navycraft/construct/construct_persistence.cpp.o
[21/48] Building CXX object CMakeFiles/navycraft_construct_core.dir/mnt/data/navycraft-native-gate6/engine-overlay/src/navycraft/construct/construct_section.cpp.o
[22/48] Building CXX object CMakeFiles/navycraft_construct_core.dir/mnt/data/navycraft-native-gate6/engine-overlay/src/navycraft/construct/construct_serialization.cpp.o
[23/48] Building CXX object CMakeFiles/navycraft_construct_core.dir/mnt/data/navycraft-native-gate6/engine-overlay/src/navycraft/construct/construct_replication.cpp.o
[24/48] Building CXX object CMakeFiles/navycraft_construct_core.dir/mnt/data/navycraft-native-gate6/engine-overlay/src/navycraft/construct/construct_snapshot_buffer.cpp.o
[25/48] Building CXX object CMakeFiles/navycraft_construct_core.dir/mnt/data/navycraft-native-gate6/engine-overlay/src/navycraft/construct/construct_geometry.cpp.o
[26/48] Building CXX object CMakeFiles/navycraft_construct_core.dir/mnt/data/navycraft-native-gate6/engine-overlay/src/navycraft/construct/construct_collision_world.cpp.o
[27/48] Building CXX object CMakeFiles/navycraft_construct_core.dir/mnt/data/navycraft-native-gate6/engine-overlay/src/navycraft/construct/platform_contact.cpp.o
[28/48] Building CXX object CMakeFiles/navycraft_construct_core.dir/mnt/data/navycraft-native-gate6/engine-overlay/src/navycraft/construct/rider_motion.cpp.o
[29/48] Building CXX object CMakeFiles/navycraft_construct_core.dir/mnt/data/navycraft-native-gate6/engine-overlay/src/navycraft/construct/rider_packets.cpp.o
[30/48] Building CXX object CMakeFiles/navycraft_construct_core.dir/mnt/data/navycraft-native-gate6/engine-overlay/src/navycraft/construct/moving_hull_collision.cpp.o
[31/48] Building CXX object CMakeFiles/navycraft_construct_core.dir/mnt/data/navycraft-native-gate6/engine-overlay/src/navycraft/construct/carried_body.cpp.o
[32/48] Building CXX object CMakeFiles/navycraft_construct_core.dir/mnt/data/navycraft-native-gate6/engine-overlay/src/navycraft/construct/construct_mesh.cpp.o
[33/48] Building CXX object CMakeFiles/navycraft_construct_core.dir/mnt/data/navycraft-native-gate6/engine-overlay/src/navycraft/construct/construct_packets.cpp.o
[34/48] Building CXX object CMakeFiles/navycraft_construct_core.dir/mnt/data/navycraft-native-gate6/engine-overlay/src/navycraft/network/construct_replication_queue.cpp.o
[35/48] Building CXX object CMakeFiles/navycraft_construct_core.dir/mnt/data/navycraft-native-gate6/engine-overlay/src/navycraft/construct/client_construct_state.cpp.o
[36/48] Linking CXX static library libnavycraft_construct_core.a
[37/48] Building CXX object CMakeFiles/navycraft_construct_benchmark.dir/tests/construct_benchmark.cpp.o
[38/48] Building CXX object CMakeFiles/navycraft_construct_tests.dir/tests/construct_core_tests.cpp.o
[39/48] Building CXX object CMakeFiles/navycraft_script_api_syntax.dir/mnt/data/navycraft-native-gate6/engine-overlay/src/navycraft/script_api.cpp.o
[40/48] Building CXX object CMakeFiles/navycraft_client_integration_syntax.dir/mnt/data/navycraft-native-gate6/engine-overlay/src/navycraft/client/client_integration.cpp.o
[41/48] Building CXX object CMakeFiles/navycraft_client_effects_syntax.dir/mnt/data/navycraft-native-gate6/engine-overlay/src/navycraft/client/client_construct_effects.cpp.o
[42/48] Building CXX object CMakeFiles/navycraft_server_integration_syntax.dir/mnt/data/navycraft-native-gate6/engine-overlay/src/navycraft/server/server_integration.cpp.o
[43/48] Building CXX object CMakeFiles/navycraft_client_scene_syntax.dir/mnt/data/navycraft-native-gate6/engine-overlay/src/navycraft/client/client_construct_scene.cpp.o
[44/48] Building CXX object CMakeFiles/navycraft_server_simulation_syntax.dir/mnt/data/navycraft-native-gate6/engine-overlay/src/navycraft/server/simulation_integration.cpp.o
[45/48] Building CXX object CMakeFiles/navycraft_server_rider_syntax.dir/mnt/data/navycraft-native-gate6/engine-overlay/src/navycraft/server/rider_integration.cpp.o
[46/48] Building CXX object CMakeFiles/navycraft_server_interaction_syntax.dir/mnt/data/navycraft-native-gate6/engine-overlay/src/navycraft/server/interaction_integration.cpp.o
[47/48] Linking CXX executable navycraft_construct_tests
[48/48] Linking CXX executable navycraft_construct_benchmark
